---
source: crates/adoc-cli/tests/snapshots_cli.rs
expression: combined
---
exit-success: false
---stdout---
warning_missing_body.adoc:3:1: error[schema.missing_field] warning is missing required body
  object_id: auth.session.clock-skew
  help: Warnings require non-empty body text.
1 errors, 0 warnings
---stderr---
