---
source: crates/adoc-cli/tests/snapshots_cli.rs
expression: combined
---
exit-success: false
---stdout---
unknown_kind_freeform.adoc:5:3: error[schema.unknown_kind] unknown typed-block kind `fact`
  object_id: billing.policy
  help: supported kinds: claim, decision, glossary, warning, constraint, policy, procedure, example, agent_instruction, contradiction. Kinds source and custom schemas are deferred.
1 errors, 0 warnings
---stderr---
